{ '0': 'YES',
  '1': 'YES',
  '2': 'YES',
  '3': 'YES',
  '4': 'YES',
  '5': 'YES',
  '6': 'YES',
  '7': 'YES',
  '8': 'YES',
  '9': 'YES',
  '10': 'YES',
  '11': 'YES',
  '12': 'YES',
  '13': 'YES',
  '14': 'YES',
  '15': 'YES',
  '16': 'YES',
  '17': 'YES',
  '18': 'YES',
  '19': 'YES',
  '20': 'YES',
  '21': 'YES',
  '22': 'YES',
  '23': 'YES',
  '24': 'YES',
  '25': 'YES',
  '26': 'YES',
  '27': 'YES',
  '28': 'YES',
  '29': 'YES',
  '30': 'YES',
  '31': 'YES',
  '32': 'YES',
  '33': 'YES',
  '34': 'YES',
  '35': 'NO',
  '36': 'NO',
  '37': 'NO',
  '38': 'NO',
  '39': 'NO',
  '40': 'NO',
  '41': 'NO',
  '42': 'NO',
  '43': 'NO',
  '44': 'NO',
  '45': 'NO',
  '46': 'NO',
  '47': 'NO',
  '48': 'NO',
  '49': 'NO',
  '50': 'YES',
  '51': 'YES',
  '52': 'YES',
  '53': 'YES',
  '54': 'YES',
  '55': 'YES',
  '56': 'YES',
  '57': 'YES',
  '58': 'YES',
  '59': 'YES',
  '60': 'NO',
  '61': 'NO',
  '62': 'NO',
  '63': 'NO',
  '64': 'NO',
  '65': 'NO',
  '66': 'NO',
  '67': 'NO',
  '68': 'NO',
  '69': 'NO',
  '70': 'NO',
  '71': 'NO',
  '72': 'NO',
  '73': 'NO',
  '74': 'NO',
  '75': 'YES',
  '76': 'YES',
  '77': 'YES',
  '78': 'YES',
  '79': 'YES',
  '80': 'YES',
  '81': 'YES',
  '82': 'YES',
  '83': 'YES',
  '84': 'YES',
  '85': 'NO',
  '86': 'NO',
  '87': 'NO',
  '88': 'NO',
  '89': 'NO',
  '90': 'NO',
  '91': 'NO',
  '92': 'NO',
  '93': 'NO',
  '94': 'NO',
  '95': 'NO',
  '96': 'NO',
  '97': 'NO',
  '98': 'NO',
  '99': 'NO',
  '100': 'YES',
  '101': 'YES',
  '102': 'YES',
  '103': 'YES',
  '104': 'YES',
  '105': 'YES',
  '106': 'YES',
  '107': 'YES',
  '108': 'YES',
  '109': 'YES',
  '110': 'NO',
  '111': 'NO',
  '112': 'NO',
  '113': 'NO',
  '114': 'NO',
  '115': 'NO',
  '116': 'NO',
  '117': 'NO',
  '118': 'NO',
  '119': 'NO',
  '120': 'NO',
  '121': 'NO',
  '122': 'NO',
  '123': 'NO',
  '124': 'NO',
  '125': 'YES',
  '126': 'YES',
  '127': 'YES',
  '128': 'YES',
  '129': 'YES',
  '130': 'YES',
  '131': 'YES',
  '132': 'YES',
  '133': 'YES',
  '134': 'YES',
  '135': 'NO',
  '136': 'NO',
  '137': 'NO',
  '138': 'NO',
  '139': 'NO',
  '140': 'NO',
  '141': 'NO',
  '142': 'NO',
  '143': 'NO',
  '144': 'NO',
  '145': 'NO',
  '146': 'NO',
  '147': 'NO',
  '148': 'NO',
  '149': 'NO',
  '150': 'YES',
  '151': 'YES',
  '152': 'YES',
  '153': 'YES',
  '154': 'YES',
  '155': 'YES',
  '156': 'YES',
  '157': 'YES',
  '158': 'YES',
  '159': 'YES',
  '160': 'NO',
  '161': 'NO',
  '162': 'NO',
  '163': 'NO',
  '164': 'NO',
  '165': 'NO',
  '166': 'NO',
  '167': 'NO',
  '168': 'NO',
  '169': 'NO',
  '170': 'NO',
  '171': 'NO',
  '172': 'NO',
  '173': 'NO',
  '174': 'NO',
  '175': 'YES',
  '176': 'YES',
  '177': 'YES',
  '178': 'YES',
  '179': 'YES',
  '180': 'YES',
  '181': 'YES',
  '182': 'YES',
  '183': 'YES',
  '184': 'YES',
  '185': 'NO',
  '186': 'NO',
  '187': 'NO',
  '188': 'NO',
  '189': 'NO',
  '190': 'NO',
  '191': 'NO',
  '192': 'NO',
  '193': 'NO',
  '194': 'NO',
  '195': 'NO',
  '196': 'NO',
  '197': 'NO',
  '198': 'NO',
  '199': 'NO',
  '200': 'YES',
  '201': 'YES',
  '202': 'YES',
  '203': 'YES',
  '204': 'YES',
  '205': 'YES',
  '206': 'YES',
  '207': 'YES',
  '208': 'YES',
  '209': 'YES',
  '210': 'NO',
  '211': 'NO',
  '212': 'NO',
  '213': 'NO',
  '214': 'NO',
  '215': 'NO',
  '216': 'NO',
  '217': 'NO',
  '218': 'NO',
  '219': 'NO',
  '220': 'NO',
  '221': 'NO',
  '222': 'NO',
  '223': 'NO',
  '224': 'NO',
  '225': 'YES',
  '226': 'YES',
  '227': 'YES',
  '228': 'YES',
  '229': 'YES',
  '230': 'YES',
  '231': 'YES',
  '232': 'YES',
  '233': 'YES',
  '234': 'YES',
  '235': 'NO',
  '236': 'NO',
  '237': 'NO',
  '238': 'NO',
  '239': 'NO',
  '240': 'NO',
  '241': 'NO',
  '242': 'NO',
  '243': 'NO',
  '244': 'NO',
  '245': 'NO',
  '246': 'NO',
  '247': 'NO',
  '248': 'NO',
  '249': 'NO',
  '250': 'YES',
  '251': 'YES',
  '252': 'YES',
  '253': 'YES',
  '254': 'YES',
  '255': 'YES',
  '256': 'YES',
  '257': 'YES',
  '258': 'YES',
  '259': 'YES',
  '260': 'NO',
  '261': 'NO',
  '262': 'NO',
  '263': 'NO',
  '264': 'NO',
  '265': 'NO',
  '266': 'NO',
  '267': 'NO',
  '268': 'NO',
  '269': 'NO',
  '270': 'NO',
  '271': 'NO',
  '272': 'NO',
  '273': 'NO',
  '274': 'NO',
  '275': 'YES',
  '276': 'YES',
  '277': 'YES',
  '278': 'YES',
  '279': 'YES',
  '280': 'YES',
  '281': 'YES',
  '282': 'YES',
  '283': 'YES',
  '284': 'YES',
  '285': 'NO',
  '286': 'NO',
  '287': 'NO',
  '288': 'NO',
  '289': 'NO',
  '290': 'NO',
  '291': 'NO',
  '292': 'NO',
  '293': 'NO',
  '294': 'NO',
  '295': 'NO',
  '296': 'NO',
  '297': 'NO',
  '298': 'NO',
  '299': 'NO',
  '300': 'YES',
  '301': 'YES',
  '302': 'YES',
  '303': 'YES',
  '304': 'YES',
  '305': 'YES',
  '306': 'YES',
  '307': 'YES',
  '308': 'YES',
  '309': 'YES',
  '310': 'NO',
  '311': 'NO',
  '312': 'NO',
  '313': 'NO',
  '314': 'NO',
  '315': 'NO',
  '316': 'NO',
  '317': 'NO',
  '318': 'NO',
  '319': 'NO',
  '320': 'NO',
  '321': 'NO',
  '322': 'NO',
  '323': 'NO',
  '324': 'NO',
  '325': 'YES',
  '326': 'YES',
  '327': 'YES',
  '328': 'YES',
  '329': 'YES',
  '330': 'YES',
  '331': 'YES',
  '332': 'YES',
  '333': 'YES',
  '334': 'YES',
  '335': 'NO',
  '336': 'NO',
  '337': 'NO',
  '338': 'NO',
  '339': 'NO',
  '340': 'NO',
  '341': 'NO',
  '342': 'NO',
  '343': 'NO',
  '344': 'NO',
  '345': 'NO',
  '346': 'NO',
  '347': 'NO',
  '348': 'NO',
  '349': 'NO',
  '350': 'YES',
  '351': 'YES',
  '352': 'YES',
  '353': 'YES',
  '354': 'YES',
  '355': 'YES',
  '356': 'YES',
  '357': 'YES',
  '358': 'YES',
  '359': 'YES',
  '360': 'NO',
  '361': 'NO',
  '362': 'NO',
  '363': 'NO',
  '364': 'NO',
  '365': 'NO',
  '366': 'NO',
  '367': 'NO',
  '368': 'NO',
  '369': 'NO',
  '370': 'NO',
  '371': 'NO',
  '372': 'NO',
  '373': 'NO',
  '374': 'NO',
  '375': 'YES',
  '376': 'YES',
  '377': 'YES',
  '378': 'YES',
  '379': 'YES',
  '380': 'YES',
  '381': 'YES',
  '382': 'YES',
  '383': 'YES',
  '384': 'YES',
  '385': 'NO',
  '386': 'NO',
  '387': 'NO',
  '388': 'NO',
  '389': 'NO',
  '390': 'NO',
  '391': 'NO',
  '392': 'NO',
  '393': 'NO',
  '394': 'NO',
  '395': 'NO',
  '396': 'NO',
  '397': 'NO',
  '398': 'NO',
  '399': 'NO',
  '400': 'YES',
  '401': 'YES',
  '402': 'YES',
  '403': 'YES',
  '404': 'YES',
  '405': 'YES',
  '406': 'YES',
  '407': 'YES',
  '408': 'YES',
  '409': 'YES',
  '410': 'NO',
  '411': 'NO',
  '412': 'NO',
  '413': 'NO',
  '414': 'NO',
  '415': 'NO',
  '416': 'NO',
  '417': 'NO',
  '418': 'NO',
  '419': 'NO',
  '420': 'NO',
  '421': 'NO',
  '422': 'NO',
  '423': 'NO',
  '424': 'NO',
  '425': 'YES',
  '426': 'YES',
  '427': 'YES',
  '428': 'YES',
  '429': 'YES',
  '430': 'YES',
  '431': 'YES',
  '432': 'YES',
  '433': 'YES',
  '434': 'YES',
  '435': 'NO',
  '436': 'NO',
  '437': 'NO',
  '438': 'NO',
  '439': 'NO',
  '440': 'NO',
  '441': 'NO',
  '442': 'NO',
  '443': 'NO',
  '444': 'NO',
  '445': 'NO',
  '446': 'NO',
  '447': 'NO',
  '448': 'NO',
  '449': 'NO',
  '450': 'YES',
  '451': 'YES',
  '452': 'YES',
  '453': 'YES',
  '454': 'YES',
  '455': 'YES',
  '456': 'YES',
  '457': 'YES',
  '458': 'YES',
  '459': 'YES',
  '460': 'NO',
  '461': 'NO',
  '462': 'NO',
  '463': 'NO',
  '464': 'NO',
  '465': 'NO',
  '466': 'NO',
  '467': 'NO',
  '468': 'NO',
  '469': 'NO',
  '470': 'NO',
  '471': 'NO',
  '472': 'NO',
  '473': 'NO',
  '474': 'NO',
  '475': 'NO',
  '476': 'YES',
  '477': 'YES',
  '478': 'NO',
  '479': 'YES',
  '480': 'NO',
  '481': 'YES',
  '482': 'NO',
  '483': 'NO',
  '484': 'NO',
  '485': 'NO',
  '486': 'NO',
  '487': 'NO',
  '488': 'NO',
  '489': 'NO',
  '490': 'NO',
  '491': 'NO',
  '492': 'NO',
  '493': 'NO',
  '494': 'NO',
  '495': 'NO',
  '496': 'NO',
  '497': 'NO',
  '498': 'NO',
  '499': 'NO' }
